I0421 17:43:30.308380 14464 processor.cc:74] No data in processing queue, waiting...
I0421 17:43:30.313380 12300 processor.cc:74] No data in processing queue, waiting...
I0421 17:43:30.315379 14320 processor.cc:74] No data in processing queue, waiting...
I0421 17:43:30.315379 14824 processor.cc:74] No data in processing queue, waiting...
I0421 17:43:30.315379 13336 master_component.cc:1044] MasterComponent: complete regularizing model pwt
I0421 17:43:30.315379 13336 master_component.cc:1512] NormalizeModelArgs: pwt_target_name=pwt, nwt_source_name=nwt, rwt_source_name=rwt
I0421 17:43:30.315379 13336 master_component.cc:1048] MasterComponent: start normalizing model nwt
I0421 17:43:30.333372 13336 master_component.cc:1087] MasterComponent: complete normalizing model nwt
I0421 17:43:30.355365 13336 master_component.cc:1536] DisposeModel rwt
I0421 17:43:30.360363 13336 master_component.cc:1115] FitOffline: ItemsProcessed, num_items=476, num_batches=5, token_weight=160411, token_weight_in_effect=160411
I0421 17:43:30.360363 13336 c_interface.cc:389] Pass FitOfflineMasterModelArgs, batch_filename_size=5, batch_weight_size=5, num_collection_passes=1, reset_nwt=yes to void (__cdecl artm::core::MasterComponent::*)(class artm::FitOfflineMasterModelArgs const & __ptr64) __ptr64
I0421 17:43:30.360363 13336 master_component.cc:1461] ProcessBatchesArgs: nwt_target_name=nwt, batch_filename_size=5, batch_size=0, batch_weight_size=5, pwt_source_name=pwt, num_document_passes=1, regularizer=(name:SparsePhi, tau:-100), reuse_theta=yes, opt_for_avx=yes, predict_class_id=, reset_nwt=yes
I0421 17:43:30.370362 14052 processor.cc:81] Processing queue has data, processing started
I0421 17:43:30.370362 12908 processor.cc:81] Processing queue has data, processing started
I0421 17:43:30.370362 14044 processor.cc:81] Processing queue has data, processing started
I0421 17:43:30.370362 15120 processor.cc:81] Processing queue has data, processing started
I0421 17:43:30.372360 14320 processor.cc:81] Processing queue has data, processing started
I0421 17:43:30.375358 14052 processor.cc:158] Processor: start processing batch c0a2c422-c96a-4fbb-8037-b2301b931de5 into model nwt
I0421 17:43:30.375358 15120 processor.cc:158] Processor: start processing batch 45ee9127-b2aa-420e-b071-f4a14d3b8f4e into model nwt
I0421 17:43:30.375358 12908 processor.cc:158] Processor: start processing batch 8b157151-2574-449c-9ee1-c7f9ab1b2059 into model nwt
I0421 17:43:30.375358 14044 processor.cc:158] Processor: start processing batch ff349c26-a190-40eb-a828-3bf5988520be into model nwt
I0421 17:43:30.376358 14320 processor.cc:158] Processor: start processing batch 457838ff-40c7-4deb-ae71-a0a56b3f2fba into model nwt
I0421 17:43:30.436338 14320 processor.cc:285] Processor: complete processing batch 457838ff-40c7-4deb-ae71-a0a56b3f2fba into model nwt
I0421 17:43:30.437338 14320 cuckoo_watch.h:45] 64ms in ProcessBatch(school_batches\aaaaae.batch) [including 4ms in LoadMessage; 0ms in FindReuseThetaCacheEntry; 0ms in InitializeTheta; 0ms in CreateRegularizerAgents; 2ms in InitializeSparseNdw; 19ms in InferThetaAndUpdateNwtSparse; 0ms in UpdateCacheEntry; 19ms in CalculateScore(PerplexityScore); 3ms in CalculateScore(SparsityThetaScore); 14ms in CalculateScore(^^^ItemsProcessedScore^^^); ]
I0421 17:43:30.437338 14052 processor.cc:285] Processor: complete processing batch c0a2c422-c96a-4fbb-8037-b2301b931de5 into model nwt
I0421 17:43:30.438338 14052 cuckoo_watch.h:45] 68ms in ProcessBatch(school_batches\aaaaac.batch) [including 5ms in LoadMessage; 0ms in FindReuseThetaCacheEntry; 0ms in InitializeTheta; 0ms in CreateRegularizerAgents; 1ms in InitializeSparseNdw; 15ms in InferThetaAndUpdateNwtSparse; 0ms in UpdateCacheEntry; 23ms in CalculateScore(PerplexityScore); 3ms in CalculateScore(SparsityThetaScore); 17ms in CalculateScore(^^^ItemsProcessedScore^^^); ]
I0421 17:43:30.442337 12908 processor.cc:285] Processor: complete processing batch 8b157151-2574-449c-9ee1-c7f9ab1b2059 into model nwt
I0421 17:43:30.443336 12908 cuckoo_watch.h:45] 72ms in ProcessBatch(school_batches\aaaaaa.batch) [including 5ms in LoadMessage; 0ms in FindReuseThetaCacheEntry; 0ms in InitializeTheta; 0ms in CreateRegularizerAgents; 2ms in InitializeSparseNdw; 21ms in InferThetaAndUpdateNwtSparse; 0ms in UpdateCacheEntry; 21ms in CalculateScore(PerplexityScore); 3ms in CalculateScore(SparsityThetaScore); 16ms in CalculateScore(^^^ItemsProcessedScore^^^); ]
I0421 17:43:30.444335 15120 processor.cc:285] Processor: complete processing batch 45ee9127-b2aa-420e-b071-f4a14d3b8f4e into model nwt
I0421 17:43:30.444335 14044 processor.cc:285] Processor: complete processing batch ff349c26-a190-40eb-a828-3bf5988520be into model nwt
I0421 17:43:30.444335 15120 cuckoo_watch.h:45] 74ms in ProcessBatch(school_batches\aaaaad.batch) [including 5ms in LoadMessage; 0ms in FindReuseThetaCacheEntry; 0ms in InitializeTheta; 0ms in CreateRegularizerAgents; 1ms in InitializeSparseNdw; 15ms in InferThetaAndUpdateNwtSparse; 0ms in UpdateCacheEntry; 27ms in CalculateScore(PerplexityScore); 5ms in CalculateScore(SparsityThetaScore); 18ms in CalculateScore(^^^ItemsProcessedScore^^^); ]
I0421 17:43:30.445335 14044 cuckoo_watch.h:45] 75ms in ProcessBatch(school_batches\aaaaab.batch) [including 5ms in LoadMessage; 0ms in FindReuseThetaCacheEntry; 0ms in InitializeTheta; 0ms in CreateRegularizerAgents; 1ms in InitializeSparseNdw; 15ms in InferThetaAndUpdateNwtSparse; 0ms in UpdateCacheEntry; 28ms in CalculateScore(PerplexityScore); 5ms in CalculateScore(SparsityThetaScore); 17ms in CalculateScore(^^^ItemsProcessedScore^^^); ]
I0421 17:43:30.446336 13336 master_component.cc:1499] RegularizeModelArgs: rwt_target_name=rwt, pwt_source_name=pwt, nwt_source_name=nwt
I0421 17:43:30.446336 13336 master_component.cc:1016] MasterComponent: start regularizing model pwt
I0421 17:43:30.470328 14052 processor.cc:74] No data in processing queue, waiting...
I0421 17:43:30.470328 14320 processor.cc:74] No data in processing queue, waiting...
I0421 17:43:30.475325 15120 processor.cc:74] No data in processing queue, waiting...
I0421 17:43:30.475325 12908 processor.cc:74] No data in processing queue, waiting...
I0421 17:43:30.477324 14044 processor.cc:74] No data in processing queue, waiting...
I0421 17:43:30.482323 13336 master_component.cc:1044] MasterComponent: complete regularizing model pwt
I0421 17:43:30.482323 13336 master_component.cc:1512] NormalizeModelArgs: pwt_target_name=pwt, nwt_source_name=nwt, rwt_source_name=rwt
I0421 17:43:30.482323 13336 master_component.cc:1048] MasterComponent: start normalizing model nwt
I0421 17:43:30.498318 13336 master_component.cc:1087] MasterComponent: complete normalizing model nwt
I0421 17:43:30.538327 13336 master_component.cc:1536] DisposeModel rwt
I0421 17:43:30.549307 13336 master_component.cc:1115] FitOffline: ItemsProcessed, num_items=476, num_batches=5, token_weight=160411, token_weight_in_effect=160411
I0421 17:43:30.550302 13336 c_interface.cc:389] Pass FitOfflineMasterModelArgs, batch_filename_size=5, batch_weight_size=5, num_collection_passes=1, reset_nwt=yes to void (__cdecl artm::core::MasterComponent::*)(class artm::FitOfflineMasterModelArgs const & __ptr64) __ptr64
I0421 17:43:30.550302 13336 master_component.cc:1461] ProcessBatchesArgs: nwt_target_name=nwt, batch_filename_size=5, batch_size=0, batch_weight_size=5, pwt_source_name=pwt, num_document_passes=1, regularizer=(name:SparsePhi, tau:-100), reuse_theta=yes, opt_for_avx=yes, predict_class_id=, reset_nwt=yes
I0421 17:43:30.569294 14320 processor.cc:81] Processing queue has data, processing started
I0421 17:43:30.569294 13644 processor.cc:81] Processing queue has data, processing started
I0421 17:43:30.569294 14464 processor.cc:81] Processing queue has data, processing started
I0421 17:43:30.570302 14824 processor.cc:81] Processing queue has data, processing started
I0421 17:43:30.571303 13984 processor.cc:81] Processing queue has data, processing started
I0421 17:43:30.574293 14320 processor.cc:158] Processor: start processing batch 8b157151-2574-449c-9ee1-c7f9ab1b2059 into model nwt
I0421 17:43:30.575294 13644 processor.cc:158] Processor: start processing batch ff349c26-a190-40eb-a828-3bf5988520be into model nwt
I0421 17:43:30.575294 14824 processor.cc:158] Processor: start processing batch 45ee9127-b2aa-420e-b071-f4a14d3b8f4e into model nwt
I0421 17:43:30.576293 14464 processor.cc:158] Processor: start processing batch c0a2c422-c96a-4fbb-8037-b2301b931de5 into model nwt
I0421 17:43:30.576293 13984 processor.cc:158] Processor: start processing batch 457838ff-40c7-4deb-ae71-a0a56b3f2fba into model nwt
I0421 17:43:30.632277 13984 processor.cc:285] Processor: complete processing batch 457838ff-40c7-4deb-ae71-a0a56b3f2fba into model nwt
I0421 17:43:30.633275 13984 cuckoo_watch.h:45] 62ms in ProcessBatch(school_batches\aaaaae.batch) [including 5ms in LoadMessage; 0ms in FindReuseThetaCacheEntry; 0ms in InitializeTheta; 0ms in CreateRegularizerAgents; 1ms in InitializeSparseNdw; 15ms in InferThetaAndUpdateNwtSparse; 0ms in UpdateCacheEntry; 20ms in CalculateScore(PerplexityScore); 3ms in CalculateScore(SparsityThetaScore); 14ms in CalculateScore(^^^ItemsProcessedScore^^^); ]
I0421 17:43:30.640272 13644 processor.cc:285] Processor: complete processing batch ff349c26-a190-40eb-a828-3bf5988520be into model nwt
I0421 17:43:30.641271 13644 cuckoo_watch.h:45] 72ms in ProcessBatch(school_batches\aaaaab.batch) [including 6ms in LoadMessage; 0ms in FindReuseThetaCacheEntry; 0ms in InitializeTheta; 0ms in CreateRegularizerAgents; 1ms in InitializeSparseNdw; 17ms in InferThetaAndUpdateNwtSparse; 0ms in UpdateCacheEntry; 24ms in CalculateScore(PerplexityScore); 3ms in CalculateScore(SparsityThetaScore); 17ms in CalculateScore(^^^ItemsProcessedScore^^^); ]
I0421 17:43:30.646270 14464 processor.cc:285] Processor: complete processing batch c0a2c422-c96a-4fbb-8037-b2301b931de5 into model nwt
I0421 17:43:30.648269 14464 cuckoo_watch.h:45] 79ms in ProcessBatch(school_batches\aaaaac.batch) [including 6ms in LoadMessage; 0ms in FindReuseThetaCacheEntry; 0ms in InitializeTheta; 0ms in CreateRegularizerAgents; 1ms in InitializeSparseNdw; 17ms in InferThetaAndUpdateNwtSparse; 0ms in UpdateCacheEntry; 24ms in CalculateScore(PerplexityScore); 3ms in CalculateScore(SparsityThetaScore); 23ms in CalculateScore(^^^ItemsProcessedScore^^^); ]
I0421 17:43:30.652267 14824 processor.cc:285] Processor: complete processing batch 45ee9127-b2aa-420e-b071-f4a14d3b8f4e into model nwt
I0421 17:43:30.653267 14824 cuckoo_watch.h:45] 83ms in ProcessBatch(school_batches\aaaaad.batch) [including 5ms in LoadMessage; 0ms in FindReuseThetaCacheEntry; 0ms in InitializeTheta; 0ms in CreateRegularizerAgents; 1ms in InitializeSparseNdw; 19ms in InferThetaAndUpdateNwtSparse; 0ms in UpdateCacheEntry; 34ms in CalculateScore(PerplexityScore); 3ms in CalculateScore(SparsityThetaScore); 17ms in CalculateScore(^^^ItemsProcessedScore^^^); ]
I0421 17:43:30.657265 14320 processor.cc:285] Processor: complete processing batch 8b157151-2574-449c-9ee1-c7f9ab1b2059 into model nwt
I0421 17:43:30.658267 14320 cuckoo_watch.h:45] 89ms in ProcessBatch(school_batches\aaaaaa.batch) [including 5ms in LoadMessage; 0ms in FindReuseThetaCacheEntry; 0ms in InitializeTheta; 0ms in CreateRegularizerAgents; 1ms in InitializeSparseNdw; 22ms in InferThetaAndUpdateNwtSparse; 0ms in UpdateCacheEntry; 36ms in CalculateScore(PerplexityScore); 6ms in CalculateScore(SparsityThetaScore); 16ms in CalculateScore(^^^ItemsProcessedScore^^^); ]
I0421 17:43:30.659266 13336 master_component.cc:1499] RegularizeModelArgs: rwt_target_name=rwt, pwt_source_name=pwt, nwt_source_name=nwt
I0421 17:43:30.659266 13336 master_component.cc:1016] MasterComponent: start regularizing model pwt
I0421 17:43:30.663265 13984 processor.cc:74] No data in processing queue, waiting...
I0421 17:43:30.671262 13644 processor.cc:74] No data in processing queue, waiting...
I0421 17:43:30.677259 14464 processor.cc:74] No data in processing queue, waiting...
I0421 17:43:30.682257 14824 processor.cc:74] No data in processing queue, waiting...
I0421 17:43:30.687258 14320 processor.cc:74] No data in processing queue, waiting...
I0421 17:43:30.702253 13336 master_component.cc:1044] MasterComponent: complete regularizing model pwt
I0421 17:43:30.702253 13336 master_component.cc:1512] NormalizeModelArgs: pwt_target_name=pwt, nwt_source_name=nwt, rwt_source_name=rwt
I0421 17:43:30.702253 13336 master_component.cc:1048] MasterComponent: start normalizing model nwt
I0421 17:43:30.719249 13336 master_component.cc:1087] MasterComponent: complete normalizing model nwt
I0421 17:43:30.741240 13336 master_component.cc:1536] DisposeModel rwt
I0421 17:43:30.745240 13336 master_component.cc:1115] FitOffline: ItemsProcessed, num_items=476, num_batches=5, token_weight=160411, token_weight_in_effect=160411
I0421 17:43:30.746239 13336 c_interface.cc:389] Pass FitOfflineMasterModelArgs, batch_filename_size=5, batch_weight_size=5, num_collection_passes=1, reset_nwt=yes to void (__cdecl artm::core::MasterComponent::*)(class artm::FitOfflineMasterModelArgs const & __ptr64) __ptr64
I0421 17:43:30.746239 13336 master_component.cc:1461] ProcessBatchesArgs: nwt_target_name=nwt, batch_filename_size=5, batch_size=0, batch_weight_size=5, pwt_source_name=pwt, num_document_passes=1, regularizer=(name:SparsePhi, tau:-100), reuse_theta=yes, opt_for_avx=yes, predict_class_id=, reset_nwt=yes
I0421 17:43:30.755236 12300 processor.cc:81] Processing queue has data, processing started
I0421 17:43:30.755236 12908 processor.cc:81] Processing queue has data, processing started
I0421 17:43:30.755236 14152 processor.cc:81] Processing queue has data, processing started
I0421 17:43:30.757241 15084 processor.cc:81] Processing queue has data, processing started
I0421 17:43:30.757241 14320 processor.cc:81] Processing queue has data, processing started
I0421 17:43:30.759233 12300 processor.cc:158] Processor: start processing batch 8b157151-2574-449c-9ee1-c7f9ab1b2059 into model nwt
I0421 17:43:30.759233 12908 processor.cc:158] Processor: start processing batch ff349c26-a190-40eb-a828-3bf5988520be into model nwt
I0421 17:43:30.761232 14320 processor.cc:158] Processor: start processing batch 45ee9127-b2aa-420e-b071-f4a14d3b8f4e into model nwt
I0421 17:43:30.761232 14152 processor.cc:158] Processor: start processing batch c0a2c422-c96a-4fbb-8037-b2301b931de5 into model nwt
I0421 17:43:30.762231 15084 processor.cc:158] Processor: start processing batch 457838ff-40c7-4deb-ae71-a0a56b3f2fba into model nwt
I0421 17:43:30.822214 12300 processor.cc:285] Processor: complete processing batch 8b157151-2574-449c-9ee1-c7f9ab1b2059 into model nwt
I0421 17:43:30.823213 12300 cuckoo_watch.h:45] 68ms in ProcessBatch(school_batches\aaaaaa.batch) [including 4ms in LoadMessage; 0ms in FindReuseThetaCacheEntry; 0ms in InitializeTheta; 0ms in CreateRegularizerAgents; 1ms in InitializeSparseNdw; 17ms in InferThetaAndUpdateNwtSparse; 0ms in UpdateCacheEntry; 21ms in CalculateScore(PerplexityScore); 3ms in CalculateScore(SparsityThetaScore); 18ms in CalculateScore(^^^ItemsProcessedScore^^^); ]
I0421 17:43:30.827212 12908 processor.cc:285] Processor: complete processing batch ff349c26-a190-40eb-a828-3bf5988520be into model nwt
I0421 17:43:30.828212 12908 cuckoo_watch.h:45] 73ms in ProcessBatch(school_batches\aaaaab.batch) [including 4ms in LoadMessage; 0ms in FindReuseThetaCacheEntry; 0ms in InitializeTheta; 0ms in CreateRegularizerAgents; 1ms in InitializeSparseNdw; 18ms in InferThetaAndUpdateNwtSparse; 0ms in UpdateCacheEntry; 26ms in CalculateScore(PerplexityScore); 4ms in CalculateScore(SparsityThetaScore); 15ms in CalculateScore(^^^ItemsProcessedScore^^^); ]
I0421 17:43:30.832211 14320 processor.cc:285] Processor: complete processing batch 45ee9127-b2aa-420e-b071-f4a14d3b8f4e into model nwt
I0421 17:43:30.833211 14320 cuckoo_watch.h:45] 76ms in ProcessBatch(school_batches\aaaaad.batch) [including 4ms in LoadMessage; 0ms in FindReuseThetaCacheEntry; 0ms in InitializeTheta; 0ms in CreateRegularizerAgents; 1ms in InitializeSparseNdw; 20ms in InferThetaAndUpdateNwtSparse; 0ms in UpdateCacheEntry; 29ms in CalculateScore(PerplexityScore); 3ms in CalculateScore(SparsityThetaScore); 15ms in CalculateScore(^^^ItemsProcessedScore^^^); ]
I0421 17:43:30.844208 14152 processor.cc:285] Processor: complete processing batch c0a2c422-c96a-4fbb-8037-b2301b931de5 into model nwt
I0421 17:43:30.845207 15084 processor.cc:285] Processor: complete processing batch 457838ff-40c7-4deb-ae71-a0a56b3f2fba into model nwt
I0421 17:43:30.846206 14152 cuckoo_watch.h:45] 91ms in ProcessBatch(school_batches\aaaaac.batch) [including 6ms in LoadMessage; 0ms in FindReuseThetaCacheEntry; 0ms in InitializeTheta; 0ms in CreateRegularizerAgents; 2ms in InitializeSparseNdw; 18ms in InferThetaAndUpdateNwtSparse; 0ms in UpdateCacheEntry; 29ms in CalculateScore(PerplexityScore); 5ms in CalculateScore(SparsityThetaScore); 27ms in CalculateScore(^^^ItemsProcessedScore^^^); ]
I0421 17:43:30.846206 15084 cuckoo_watch.h:45] 89ms in ProcessBatch(school_batches\aaaaae.batch) [including 5ms in LoadMessage; 0ms in FindReuseThetaCacheEntry; 0ms in InitializeTheta; 0ms in CreateRegularizerAgents; 1ms in InitializeSparseNdw; 21ms in InferThetaAndUpdateNwtSparse; 0ms in UpdateCacheEntry; 29ms in CalculateScore(PerplexityScore); 5ms in CalculateScore(SparsityThetaScore); 24ms in CalculateScore(^^^ItemsProcessedScore^^^); ]
I0421 17:43:30.847206 13336 master_component.cc:1499] RegularizeModelArgs: rwt_target_name=rwt, pwt_source_name=pwt, nwt_source_name=nwt
I0421 17:43:30.847206 13336 master_component.cc:1016] MasterComponent: start regularizing model pwt
I0421 17:43:30.855202 12300 processor.cc:74] No data in processing queue, waiting...
I0421 17:43:30.860203 12908 processor.cc:74] No data in processing queue, waiting...
I0421 17:43:30.865201 14320 processor.cc:74] No data in processing queue, waiting...
I0421 17:43:30.879196 14152 processor.cc:74] No data in processing queue, waiting...
I0421 17:43:30.879196 15084 processor.cc:74] No data in processing queue, waiting...
I0421 17:43:30.882195 13336 master_component.cc:1044] MasterComponent: complete regularizing model pwt
I0421 17:43:30.882195 13336 master_component.cc:1512] NormalizeModelArgs: pwt_target_name=pwt, nwt_source_name=nwt, rwt_source_name=rwt
I0421 17:43:30.882195 13336 master_component.cc:1048] MasterComponent: start normalizing model nwt
I0421 17:43:30.898187 13336 master_component.cc:1087] MasterComponent: complete normalizing model nwt
I0421 17:43:30.921180 13336 master_component.cc:1536] DisposeModel rwt
I0421 17:43:30.925181 13336 master_component.cc:1115] FitOffline: ItemsProcessed, num_items=476, num_batches=5, token_weight=160411, token_weight_in_effect=160411
I0421 17:43:30.925181 13336 c_interface.cc:389] Pass FitOfflineMasterModelArgs, batch_filename_size=5, batch_weight_size=5, num_collection_passes=1, reset_nwt=yes to void (__cdecl artm::core::MasterComponent::*)(class artm::FitOfflineMasterModelArgs const & __ptr64) __ptr64
I0421 17:43:30.925181 13336 master_component.cc:1461] ProcessBatchesArgs: nwt_target_name=nwt, batch_filename_size=5, batch_size=0, batch_weight_size=5, pwt_source_name=pwt, num_document_passes=1, regularizer=(name:SparsePhi, tau:-100), reuse_theta=yes, opt_for_avx=yes, predict_class_id=, reset_nwt=yes
I0421 17:43:30.934178 12300 processor.cc:81] Processing queue has data, processing started
I0421 17:43:30.936177 14044 processor.cc:81] Processing queue has data, processing started
I0421 17:43:30.936177 14824 processor.cc:81] Processing queue has data, processing started
I0421 17:43:30.937176 13644 processor.cc:81] Processing queue has data, processing started
I0421 17:43:30.938179 15120 processor.cc:81] Processing queue has data, processing started
I0421 17:43:30.942173 12300 processor.cc:158] Processor: start processing batch 8b157151-2574-449c-9ee1-c7f9ab1b2059 into model nwt
I0421 17:43:30.942173 14824 processor.cc:158] Processor: start processing batch ff349c26-a190-40eb-a828-3bf5988520be into model nwt
I0421 17:43:30.942173 15120 processor.cc:158] Processor: start processing batch 457838ff-40c7-4deb-ae71-a0a56b3f2fba into model nwt
I0421 17:43:30.942173 14044 processor.cc:158] Processor: start processing batch c0a2c422-c96a-4fbb-8037-b2301b931de5 into model nwt
I0421 17:43:30.944173 13644 processor.cc:158] Processor: start processing batch 45ee9127-b2aa-420e-b071-f4a14d3b8f4e into model nwt
I0421 17:43:31.026145 15120 processor.cc:285] Processor: complete processing batch 457838ff-40c7-4deb-ae71-a0a56b3f2fba into model nwt
I0421 17:43:31.027145 14824 processor.cc:285] Processor: complete processing batch ff349c26-a190-40eb-a828-3bf5988520be into model nwt
I0421 17:43:31.029145 14824 cuckoo_watch.h:45] 92ms in ProcessBatch(school_batches\aaaaab.batch) [including 6ms in LoadMessage; 0ms in FindReuseThetaCacheEntry; 0ms in InitializeTheta; 0ms in CreateRegularizerAgents; 1ms in InitializeSparseNdw; 29ms in InferThetaAndUpdateNwtSparse; 0ms in UpdateCacheEntry; 28ms in CalculateScore(PerplexityScore); 5ms in CalculateScore(SparsityThetaScore); 18ms in CalculateScore(^^^ItemsProcessedScore^^^); ]
I0421 17:43:31.029145 15120 cuckoo_watch.h:45] 90ms in ProcessBatch(school_batches\aaaaae.batch) [including 4ms in LoadMessage; 0ms in FindReuseThetaCacheEntry; 0ms in InitializeTheta; 0ms in CreateRegularizerAgents; 1ms in InitializeSparseNdw; 28ms in InferThetaAndUpdateNwtSparse; 0ms in UpdateCacheEntry; 28ms in CalculateScore(PerplexityScore); 4ms in CalculateScore(SparsityThetaScore); 20ms in CalculateScore(^^^ItemsProcessedScore^^^); ]
I0421 17:43:31.033143 14044 processor.cc:285] Processor: complete processing batch c0a2c422-c96a-4fbb-8037-b2301b931de5 into model nwt
I0421 17:43:31.033143 12300 processor.cc:285] Processor: complete processing batch 8b157151-2574-449c-9ee1-c7f9ab1b2059 into model nwt
I0421 17:43:31.034142 14044 cuckoo_watch.h:45] 98ms in ProcessBatch(school_batches\aaaaac.batch) [including 6ms in LoadMessage; 0ms in FindReuseThetaCacheEntry; 0ms in InitializeTheta; 0ms in CreateRegularizerAgents; 2ms in InitializeSparseNdw; 31ms in InferThetaAndUpdateNwtSparse; 0ms in UpdateCacheEntry; 27ms in CalculateScore(PerplexityScore); 4ms in CalculateScore(SparsityThetaScore); 23ms in CalculateScore(^^^ItemsProcessedScore^^^); ]
I0421 17:43:31.035145 12300 cuckoo_watch.h:45] 100ms in ProcessBatch(school_batches\aaaaaa.batch) [including 8ms in LoadMessage; 0ms in FindReuseThetaCacheEntry; 0ms in InitializeTheta; 0ms in CreateRegularizerAgents; 4ms in InitializeSparseNdw; 31ms in InferThetaAndUpdateNwtSparse; 0ms in UpdateCacheEntry; 30ms in CalculateScore(PerplexityScore); 6ms in CalculateScore(SparsityThetaScore); 17ms in CalculateScore(^^^ItemsProcessedScore^^^); ]
I0421 17:43:31.037142 13644 processor.cc:285] Processor: complete processing batch 45ee9127-b2aa-420e-b071-f4a14d3b8f4e into model nwt
I0421 17:43:31.038142 13644 cuckoo_watch.h:45] 101ms in ProcessBatch(school_batches\aaaaad.batch) [including 7ms in LoadMessage; 0ms in FindReuseThetaCacheEntry; 0ms in InitializeTheta; 0ms in CreateRegularizerAgents; 4ms in InitializeSparseNdw; 29ms in InferThetaAndUpdateNwtSparse; 0ms in UpdateCacheEntry; 30ms in CalculateScore(PerplexityScore); 3ms in CalculateScore(SparsityThetaScore); 25ms in CalculateScore(^^^ItemsProcessedScore^^^); ]
I0421 17:43:31.039141 13336 master_component.cc:1499] RegularizeModelArgs: rwt_target_name=rwt, pwt_source_name=pwt, nwt_source_name=nwt
I0421 17:43:31.039141 13336 master_component.cc:1016] MasterComponent: start regularizing model pwt
I0421 17:43:31.062134 15120 processor.cc:74] No data in processing queue, waiting...
I0421 17:43:31.062134 14824 processor.cc:74] No data in processing queue, waiting...
I0421 17:43:31.065133 14044 processor.cc:74] No data in processing queue, waiting...
I0421 17:43:31.067131 12300 processor.cc:74] No data in processing queue, waiting...
I0421 17:43:31.069133 13644 processor.cc:74] No data in processing queue, waiting...
I0421 17:43:31.073130 13336 master_component.cc:1044] MasterComponent: complete regularizing model pwt
I0421 17:43:31.073130 13336 master_component.cc:1512] NormalizeModelArgs: pwt_target_name=pwt, nwt_source_name=nwt, rwt_source_name=rwt
I0421 17:43:31.073130 13336 master_component.cc:1048] MasterComponent: start normalizing model nwt
I0421 17:43:31.091125 13336 master_component.cc:1087] MasterComponent: complete normalizing model nwt
I0421 17:43:31.115116 13336 master_component.cc:1536] DisposeModel rwt
I0421 17:43:31.119115 13336 master_component.cc:1115] FitOffline: ItemsProcessed, num_items=476, num_batches=5, token_weight=160411, token_weight_in_effect=160411
I0421 17:43:31.120115 13336 c_interface.cc:389] Pass FitOfflineMasterModelArgs, batch_filename_size=5, batch_weight_size=5, num_collection_passes=1, reset_nwt=yes to void (__cdecl artm::core::MasterComponent::*)(class artm::FitOfflineMasterModelArgs const & __ptr64) __ptr64
I0421 17:43:31.120115 13336 master_component.cc:1461] ProcessBatchesArgs: nwt_target_name=nwt, batch_filename_size=5, batch_size=0, batch_weight_size=5, pwt_source_name=pwt, num_document_passes=1, regularizer=(name:SparsePhi, tau:-100), reuse_theta=yes, opt_for_avx=yes, predict_class_id=, reset_nwt=yes
I0421 17:43:31.128113 14152 processor.cc:81] Processing queue has data, processing started
I0421 17:43:31.130112 12908 processor.cc:81] Processing queue has data, processing started
I0421 17:43:31.130112 14824 processor.cc:81] Processing queue has data, processing started
I0421 17:43:31.130112 15120 processor.cc:81] Processing queue has data, processing started
I0421 17:43:31.132112 13644 processor.cc:81] Processing queue has data, processing started
I0421 17:43:31.133111 14152 processor.cc:158] Processor: start processing batch 8b157151-2574-449c-9ee1-c7f9ab1b2059 into model nwt
I0421 17:43:31.134112 12908 processor.cc:158] Processor: start processing batch ff349c26-a190-40eb-a828-3bf5988520be into model nwt
I0421 17:43:31.135113 15120 processor.cc:158] Processor: start processing batch c0a2c422-c96a-4fbb-8037-b2301b931de5 into model nwt
I0421 17:43:31.136112 13644 processor.cc:158] Processor: start processing batch 457838ff-40c7-4deb-ae71-a0a56b3f2fba into model nwt
I0421 17:43:31.140108 14824 processor.cc:158] Processor: start processing batch 45ee9127-b2aa-420e-b071-f4a14d3b8f4e into model nwt
I0421 17:43:31.197090 13644 processor.cc:285] Processor: complete processing batch 457838ff-40c7-4deb-ae71-a0a56b3f2fba into model nwt
I0421 17:43:31.199090 13644 cuckoo_watch.h:45] 67ms in ProcessBatch(school_batches\aaaaae.batch) [including 4ms in LoadMessage; 0ms in FindReuseThetaCacheEntry; 0ms in InitializeTheta; 0ms in CreateRegularizerAgents; 1ms in InitializeSparseNdw; 18ms in InferThetaAndUpdateNwtSparse; 0ms in UpdateCacheEntry; 21ms in CalculateScore(PerplexityScore); 3ms in CalculateScore(SparsityThetaScore); 16ms in CalculateScore(^^^ItemsProcessedScore^^^); ]
I0421 17:43:31.207087 15120 processor.cc:285] Processor: complete processing batch c0a2c422-c96a-4fbb-8037-b2301b931de5 into model nwt
I0421 17:43:31.209086 15120 cuckoo_watch.h:45] 79ms in ProcessBatch(school_batches\aaaaac.batch) [including 5ms in LoadMessage; 0ms in FindReuseThetaCacheEntry; 0ms in InitializeTheta; 0ms in CreateRegularizerAgents; 1ms in InitializeSparseNdw; 16ms in InferThetaAndUpdateNwtSparse; 0ms in UpdateCacheEntry; 23ms in CalculateScore(PerplexityScore); 5ms in CalculateScore(SparsityThetaScore); 24ms in CalculateScore(^^^ItemsProcessedScore^^^); ]
I0421 17:43:31.213084 12908 processor.cc:285] Processor: complete processing batch ff349c26-a190-40eb-a828-3bf5988520be into model nwt
I0421 17:43:31.214084 12908 cuckoo_watch.h:45] 84ms in ProcessBatch(school_batches\aaaaab.batch) [including 4ms in LoadMessage; 0ms in FindReuseThetaCacheEntry; 0ms in InitializeTheta; 0ms in CreateRegularizerAgents; 1ms in InitializeSparseNdw; 17ms in InferThetaAndUpdateNwtSparse; 0ms in UpdateCacheEntry; 29ms in CalculateScore(PerplexityScore); 5ms in CalculateScore(SparsityThetaScore); 23ms in CalculateScore(^^^ItemsProcessedScore^^^); ]
I0421 17:43:31.215085 14152 processor.cc:285] Processor: complete processing batch 8b157151-2574-449c-9ee1-c7f9ab1b2059 into model nwt
I0421 17:43:31.215085 14824 processor.cc:285] Processor: complete processing batch 45ee9127-b2aa-420e-b071-f4a14d3b8f4e into model nwt
I0421 17:43:31.216084 14152 cuckoo_watch.h:45] 88ms in ProcessBatch(school_batches\aaaaaa.batch) [including 5ms in LoadMessage; 0ms in FindReuseThetaCacheEntry; 0ms in InitializeTheta; 0ms in CreateRegularizerAgents; 1ms in InitializeSparseNdw; 22ms in InferThetaAndUpdateNwtSparse; 0ms in UpdateCacheEntry; 37ms in CalculateScore(PerplexityScore); 4ms in CalculateScore(SparsityThetaScore); 16ms in CalculateScore(^^^ItemsProcessedScore^^^); ]
I0421 17:43:31.216084 14824 cuckoo_watch.h:45] 86ms in ProcessBatch(school_batches\aaaaad.batch) [including 10ms in LoadMessage; 0ms in FindReuseThetaCacheEntry; 0ms in InitializeTheta; 0ms in CreateRegularizerAgents; 5ms in InitializeSparseNdw; 19ms in InferThetaAndUpdateNwtSparse; 0ms in UpdateCacheEntry; 28ms in CalculateScore(PerplexityScore); 4ms in CalculateScore(SparsityThetaScore); 18ms in CalculateScore(^^^ItemsProcessedScore^^^); ]
I0421 17:43:31.217083 13336 master_component.cc:1499] RegularizeModelArgs: rwt_target_name=rwt, pwt_source_name=pwt, nwt_source_name=nwt
I0421 17:43:31.217083 13336 master_component.cc:1016] MasterComponent: start regularizing model pwt
I0421 17:43:31.231078 13644 processor.cc:74] No data in processing queue, waiting...
I0421 17:43:31.242074 15120 processor.cc:74] No data in processing queue, waiting...
I0421 17:43:31.247073 12908 processor.cc:74] No data in processing queue, waiting...
I0421 17:43:31.248073 14152 processor.cc:74] No data in processing queue, waiting...
I0421 17:43:31.248073 14824 processor.cc:74] No data in processing queue, waiting...
I0421 17:43:31.251072 13336 master_component.cc:1044] MasterComponent: complete regularizing model pwt
I0421 17:43:31.251072 13336 master_component.cc:1512] NormalizeModelArgs: pwt_target_name=pwt, nwt_source_name=nwt, rwt_source_name=rwt
I0421 17:43:31.251072 13336 master_component.cc:1048] MasterComponent: start normalizing model nwt
I0421 17:43:31.267066 13336 master_component.cc:1087] MasterComponent: complete normalizing model nwt
I0421 17:43:31.295059 13336 master_component.cc:1536] DisposeModel rwt
I0421 17:43:31.301056 13336 master_component.cc:1115] FitOffline: ItemsProcessed, num_items=476, num_batches=5, token_weight=160411, token_weight_in_effect=160411
I0421 17:43:59.657560 13336 c_interface.cc:231] ArtmCopyRequestedMessage is copying 203091 bytes...
I0421 17:43:59.815510 13336 c_interface.cc:231] ArtmCopyRequestedMessage is copying 203091 bytes...
I0421 17:45:25.951428 13336 c_interface.cc:231] ArtmCopyRequestedMessage is copying 203091 bytes...
I0421 17:45:26.112372 13336 c_interface.cc:231] ArtmCopyRequestedMessage is copying 203091 bytes...
I0421 17:45:52.080890 13336 c_interface.cc:231] ArtmCopyRequestedMessage is copying 203091 bytes...
I0421 17:46:26.058161 13336 c_interface.cc:231] ArtmCopyRequestedMessage is copying 203091 bytes...
I0421 17:46:28.701295 13336 c_interface.cc:231] ArtmCopyRequestedMessage is copying 203091 bytes...
I0421 17:46:55.279652 13336 c_interface.cc:231] ArtmCopyRequestedMessage is copying 203091 bytes...
I0421 17:46:59.616235 13336 c_interface.cc:231] ArtmCopyRequestedMessage is copying 203091 bytes...
I0421 17:47:03.498966 13336 c_interface.cc:231] ArtmCopyRequestedMessage is copying 203091 bytes...
I0421 17:47:07.951514 13336 c_interface.cc:231] ArtmCopyRequestedMessage is copying 203091 bytes...
I0421 17:47:14.089507 13336 c_interface.cc:231] ArtmCopyRequestedMessage is copying 203091 bytes...
I0421 17:47:34.969686 13336 c_interface.cc:231] ArtmCopyRequestedMessage is copying 203091 bytes...
I0421 17:47:38.388569 13336 c_interface.cc:231] ArtmCopyRequestedMessage is copying 203091 bytes...
I0421 17:48:02.395722 13336 c_interface.cc:231] ArtmCopyRequestedMessage is copying 203091 bytes...
I0421 17:48:02.572669 13336 c_interface.cc:231] ArtmCopyRequestedMessage is copying 203091 bytes...
I0421 17:48:05.214812 13336 c_interface.cc:231] ArtmCopyRequestedMessage is copying 203091 bytes...
I0421 17:48:05.431731 13336 c_interface.cc:231] ArtmCopyRequestedMessage is copying 203091 bytes...
I0421 17:48:05.914573 13336 c_interface.cc:231] ArtmCopyRequestedMessage is copying 203091 bytes...
I0421 17:48:06.074524 13336 c_interface.cc:231] ArtmCopyRequestedMessage is copying 203091 bytes...
I0421 17:48:07.111186 13336 c_interface.cc:231] ArtmCopyRequestedMessage is copying 203091 bytes...
I0421 17:48:26.528841 13336 c_interface.cc:231] ArtmCopyRequestedMessage is copying 203091 bytes...
I0421 17:48:29.117992 13336 c_interface.cc:231] ArtmCopyRequestedMessage is copying 203091 bytes...
I0421 17:48:52.293421 13336 c_interface.cc:231] ArtmCopyRequestedMessage is copying 203091 bytes...
