Log file created at: 2021/04/21 17:27:05
Running on machine: KONSTANTIN
Log line format: [IWEF]mmdd hh:mm:ss.uuuuuu threadid file:line] msg
I0421 17:27:05.953047 13336 c_interface.cc:127] Logging enabled to .
I0421 17:27:05.954046 13336 c_interface.cc:128] BigARTM version: v0.10.1
I0421 17:27:05.954046 13336 c_interface.cc:271] Pass MasterModelConfig: topic_name_size=0, score_config_size=1, num_processors=0, pwt_name=pwt, nwt_name=nwt, num_document_passes=0, reuse_theta=no, cache_theta=no, opt_for_avx=yes, disk_cache_path= to ArtmCreateMasterModel
I0421 17:27:05.954046 13336 c_interface.cc:274] Creating MasterModel (id=1)...
I0421 17:27:05.964042 13336 collection_parser.cc:771] CollectionParserConfig.num_threads is automatically set to 12
E0421 17:27:05.965042 13336 c_interface.cc:354] Dynamic exception type: class boost::filesystem::filesystem_error
std::exception::what: boost::filesystem::create_directory: Системе не удается найти указанный путь: "school.txt\urnuuida5c403a0-a2ad-11eb-a030-1c872cb7f0a9"
E0421 17:27:05.968041 13336 c_interface.cc:59] Dynamic exception type: class boost::filesystem::filesystem_error
std::exception::what: boost::filesystem::create_directory: Системе не удается найти указанный путь: "school.txt\urnuuida5c403a0-a2ad-11eb-a030-1c872cb7f0a9"
I0421 17:27:14.178360 13336 c_interface.cc:271] Pass MasterModelConfig: topic_name_size=0, score_config_size=1, num_processors=0, pwt_name=pwt, nwt_name=nwt, num_document_passes=0, reuse_theta=no, cache_theta=no, opt_for_avx=yes, disk_cache_path= to ArtmCreateMasterModel
I0421 17:27:14.178360 13336 c_interface.cc:274] Creating MasterModel (id=2)...
I0421 17:27:14.179360 13336 collection_parser.cc:771] CollectionParserConfig.num_threads is automatically set to 12
I0421 17:27:14.318313 13336 c_interface.cc:375] Pass c05551db-34e8-4701-9781-966e4fd5af46 to void (__cdecl artm::core::MasterComponent::*)(class std::basic_string<char,struct std::char_traits<char>,class std::allocator<char> > const & __ptr64) __ptr64
I0421 17:27:14.318313 13336 c_interface.cc:389] Pass GatherDictionaryArgs: dictionary_target_name=c05551db-34e8-4701-9781-966e4fd5af46, data_path=school_batches, symmetric_cooc_values=0 to void (__cdecl artm::core::MasterComponent::*)(class artm::GatherDictionaryArgs const & __ptr64) __ptr64
I0421 17:27:14.319312 13336 dictionary_operations.cc:265] Found 5 batches in 'school_batches' folder
I0421 17:27:14.390290 13336 dictionary_operations.cc:331] Find 16099 unique tokens in 476 items
I0421 17:27:14.416281 13336 dictionary_operations.cc:611] Dictionary name='c05551db-34e8-4701-9781-966e4fd5af46' contains entries: text:16099; 
I0421 17:28:40.676111 13336 c_interface.cc:271] Pass MasterModelConfig: topic_name_size=10, score_config_size=1, num_processors=0, pwt_name=pwt, nwt_name=nwt, num_document_passes=1, reuse_theta=yes, cache_theta=yes, opt_for_avx=yes, disk_cache_path= to ArtmCreateMasterModel
I0421 17:28:40.677110 13336 instance.cc:401] MasterModelConfig.processors_count is automatically set to 12
I0421 17:28:40.677110 12300 processor.cc:58] Processor thread started
I0421 17:28:40.677110 14152 processor.cc:58] Processor thread started
I0421 17:28:40.677110 14052 processor.cc:58] Processor thread started
I0421 17:28:40.677110 12908 processor.cc:58] Processor thread started
I0421 17:28:40.677110 13336 c_interface.cc:274] Creating MasterModel (id=3)...
I0421 17:28:40.678110 13984 processor.cc:58] Processor thread started
I0421 17:28:40.678110 15120 processor.cc:58] Processor thread started
I0421 17:28:40.678110 14320 processor.cc:58] Processor thread started
I0421 17:28:40.678110 15084 processor.cc:58] Processor thread started
I0421 17:28:40.678110 14044 processor.cc:58] Processor thread started
I0421 17:28:40.678110 14824 processor.cc:58] Processor thread started
I0421 17:28:40.678110 13644 processor.cc:58] Processor thread started
I0421 17:28:40.678110 14464 processor.cc:58] Processor thread started
I0421 17:28:40.708099 12908 processor.cc:74] No data in processing queue, waiting...
I0421 17:28:40.708099 14152 processor.cc:74] No data in processing queue, waiting...
I0421 17:28:40.708099 14052 processor.cc:74] No data in processing queue, waiting...
I0421 17:28:40.708099 12300 processor.cc:74] No data in processing queue, waiting...
I0421 17:28:40.710100 15084 processor.cc:74] No data in processing queue, waiting...
I0421 17:28:40.710100 14320 processor.cc:74] No data in processing queue, waiting...
I0421 17:28:40.710100 13984 processor.cc:74] No data in processing queue, waiting...
I0421 17:28:40.710100 14824 processor.cc:74] No data in processing queue, waiting...
I0421 17:28:40.710100 14464 processor.cc:74] No data in processing queue, waiting...
I0421 17:28:40.710100 13644 processor.cc:74] No data in processing queue, waiting...
I0421 17:28:40.710100 14044 processor.cc:74] No data in processing queue, waiting...
I0421 17:28:40.710100 15120 processor.cc:74] No data in processing queue, waiting...
I0421 17:33:28.470521 13336 c_interface.cc:271] Pass MasterModelConfig: topic_name_size=0, score_config_size=1, num_processors=0, pwt_name=pwt, nwt_name=nwt, num_document_passes=0, reuse_theta=no, cache_theta=no, opt_for_avx=yes, disk_cache_path= to ArtmCreateMasterModel
I0421 17:33:28.470521 13336 c_interface.cc:274] Creating MasterModel (id=4)...
I0421 17:33:28.470521 13336 c_interface.cc:375] Pass dictionary to void (__cdecl artm::core::MasterComponent::*)(class std::basic_string<char,struct std::char_traits<char>,class std::allocator<char> > const & __ptr64) __ptr64
I0421 17:33:28.471521 13336 c_interface.cc:389] Pass GatherDictionaryArgs: dictionary_target_name=dictionary, data_path=school_batches, symmetric_cooc_values=0 to void (__cdecl artm::core::MasterComponent::*)(class artm::GatherDictionaryArgs const & __ptr64) __ptr64
I0421 17:33:28.471521 13336 dictionary_operations.cc:265] Found 5 batches in 'school_batches' folder
I0421 17:33:28.518507 13336 dictionary_operations.cc:331] Find 16099 unique tokens in 476 items
I0421 17:33:28.549495 13336 dictionary_operations.cc:611] Dictionary name='dictionary' contains entries: text:16099; 
I0421 17:34:12.954497 13336 c_interface.cc:389] Pass MasterModelConfig: topic_name_size=10, score_config_size=2, num_processors=0, pwt_name=pwt, nwt_name=nwt, num_document_passes=1, reuse_theta=yes, cache_theta=yes, opt_for_avx=yes, disk_cache_path= to void (__cdecl artm::core::MasterComponent::*)(class artm::MasterModelConfig const & __ptr64) __ptr64
I0421 17:34:12.954497 13336 instance.cc:401] MasterModelConfig.processors_count is automatically set to 12
I0421 17:34:12.954497 13336 perplexity.cc:27] Perplexity score calculator created: model_type=1, dictionary_name=dictionary
I0421 17:34:12.955497 13336 c_interface.cc:389] Pass MasterModelConfig: topic_name_size=10, score_config_size=3, num_processors=0, pwt_name=pwt, nwt_name=nwt, num_document_passes=1, reuse_theta=yes, cache_theta=yes, opt_for_avx=yes, disk_cache_path= to void (__cdecl artm::core::MasterComponent::*)(class artm::MasterModelConfig const & __ptr64) __ptr64
I0421 17:34:12.955497 13336 instance.cc:401] MasterModelConfig.processors_count is automatically set to 12
I0421 17:34:12.955497 13336 perplexity.cc:27] Perplexity score calculator created: model_type=1, dictionary_name=dictionary
I0421 17:34:12.955497 13336 c_interface.cc:389] Pass MasterModelConfig: topic_name_size=10, score_config_size=4, num_processors=0, pwt_name=pwt, nwt_name=nwt, num_document_passes=1, reuse_theta=yes, cache_theta=yes, opt_for_avx=yes, disk_cache_path= to void (__cdecl artm::core::MasterComponent::*)(class artm::MasterModelConfig const & __ptr64) __ptr64
I0421 17:34:12.955497 13336 instance.cc:401] MasterModelConfig.processors_count is automatically set to 12
I0421 17:34:12.955497 13336 perplexity.cc:27] Perplexity score calculator created: model_type=1, dictionary_name=dictionary
I0421 17:34:12.955497 13336 c_interface.cc:389] Pass MasterModelConfig: topic_name_size=10, score_config_size=5, num_processors=0, pwt_name=pwt, nwt_name=nwt, num_document_passes=1, reuse_theta=yes, cache_theta=yes, opt_for_avx=yes, disk_cache_path= to void (__cdecl artm::core::MasterComponent::*)(class artm::MasterModelConfig const & __ptr64) __ptr64
I0421 17:34:12.955497 13336 instance.cc:401] MasterModelConfig.processors_count is automatically set to 12
I0421 17:34:12.955497 13336 perplexity.cc:27] Perplexity score calculator created: model_type=1, dictionary_name=dictionary
I0421 17:35:50.278697 13336 c_interface.cc:389] Pass MasterModelConfig: topic_name_size=10, score_config_size=5, num_processors=0, pwt_name=pwt, nwt_name=nwt, num_document_passes=1, reuse_theta=yes, cache_theta=yes, opt_for_avx=yes, disk_cache_path= to void (__cdecl artm::core::MasterComponent::*)(class artm::MasterModelConfig const & __ptr64) __ptr64
I0421 17:35:50.279698 13336 instance.cc:401] MasterModelConfig.processors_count is automatically set to 12
I0421 17:35:50.279698 13336 perplexity.cc:27] Perplexity score calculator created: model_type=1, dictionary_name=dictionary
I0421 17:36:00.029510 13336 c_interface.cc:389] Pass MasterModelConfig: topic_name_size=10, score_config_size=5, num_processors=0, pwt_name=pwt, nwt_name=nwt, num_document_passes=1, reuse_theta=yes, cache_theta=yes, opt_for_avx=yes, disk_cache_path= to void (__cdecl artm::core::MasterComponent::*)(class artm::MasterModelConfig const & __ptr64) __ptr64
I0421 17:36:00.029510 13336 instance.cc:401] MasterModelConfig.processors_count is automatically set to 12
I0421 17:36:00.029510 13336 perplexity.cc:27] Perplexity score calculator created: model_type=1, dictionary_name=dictionary
I0421 17:36:00.029510 13336 c_interface.cc:389] Pass MasterModelConfig: topic_name_size=10, score_config_size=5, num_processors=0, pwt_name=pwt, nwt_name=nwt, num_document_passes=1, reuse_theta=yes, cache_theta=yes, opt_for_avx=yes, disk_cache_path= to void (__cdecl artm::core::MasterComponent::*)(class artm::MasterModelConfig const & __ptr64) __ptr64
I0421 17:36:00.029510 13336 instance.cc:401] MasterModelConfig.processors_count is automatically set to 12
I0421 17:36:00.029510 13336 perplexity.cc:27] Perplexity score calculator created: model_type=1, dictionary_name=dictionary
I0421 17:36:07.736994 13336 c_interface.cc:389] Pass MasterModelConfig: topic_name_size=10, score_config_size=5, num_processors=0, pwt_name=pwt, nwt_name=nwt, num_document_passes=1, reuse_theta=yes, cache_theta=yes, opt_for_avx=yes, disk_cache_path= to void (__cdecl artm::core::MasterComponent::*)(class artm::MasterModelConfig const & __ptr64) __ptr64
I0421 17:36:07.736994 13336 instance.cc:401] MasterModelConfig.processors_count is automatically set to 12
I0421 17:36:07.736994 13336 perplexity.cc:27] Perplexity score calculator created: model_type=1, dictionary_name=dictionary
I0421 17:36:07.737993 13336 c_interface.cc:389] Pass MasterModelConfig: topic_name_size=10, score_config_size=5, num_processors=0, pwt_name=pwt, nwt_name=nwt, num_document_passes=1, reuse_theta=yes, cache_theta=yes, opt_for_avx=yes, disk_cache_path= to void (__cdecl artm::core::MasterComponent::*)(class artm::MasterModelConfig const & __ptr64) __ptr64
I0421 17:36:07.737993 13336 instance.cc:401] MasterModelConfig.processors_count is automatically set to 12
I0421 17:36:07.737993 13336 perplexity.cc:27] Perplexity score calculator created: model_type=1, dictionary_name=dictionary
I0421 17:36:07.737993 13336 c_interface.cc:389] Pass MasterModelConfig: topic_name_size=10, score_config_size=5, num_processors=0, pwt_name=pwt, nwt_name=nwt, num_document_passes=1, reuse_theta=yes, cache_theta=yes, opt_for_avx=yes, disk_cache_path= to void (__cdecl artm::core::MasterComponent::*)(class artm::MasterModelConfig const & __ptr64) __ptr64
I0421 17:36:07.737993 13336 instance.cc:401] MasterModelConfig.processors_count is automatically set to 12
I0421 17:36:07.737993 13336 perplexity.cc:27] Perplexity score calculator created: model_type=1, dictionary_name=dictionary
I0421 17:36:11.975607 13336 c_interface.cc:389] Pass MasterModelConfig: topic_name_size=10, score_config_size=5, num_processors=0, pwt_name=pwt, nwt_name=nwt, num_document_passes=1, reuse_theta=yes, cache_theta=yes, opt_for_avx=yes, disk_cache_path= to void (__cdecl artm::core::MasterComponent::*)(class artm::MasterModelConfig const & __ptr64) __ptr64
I0421 17:36:11.975607 13336 instance.cc:401] MasterModelConfig.processors_count is automatically set to 12
I0421 17:36:11.975607 13336 perplexity.cc:27] Perplexity score calculator created: model_type=1, dictionary_name=dictionary
I0421 17:36:11.976608 13336 c_interface.cc:389] Pass MasterModelConfig: topic_name_size=10, score_config_size=5, num_processors=0, pwt_name=pwt, nwt_name=nwt, num_document_passes=1, reuse_theta=yes, cache_theta=yes, opt_for_avx=yes, disk_cache_path= to void (__cdecl artm::core::MasterComponent::*)(class artm::MasterModelConfig const & __ptr64) __ptr64
I0421 17:36:11.976608 13336 instance.cc:401] MasterModelConfig.processors_count is automatically set to 12
I0421 17:36:11.976608 13336 perplexity.cc:27] Perplexity score calculator created: model_type=1, dictionary_name=dictionary
I0421 17:36:11.976608 13336 c_interface.cc:389] Pass MasterModelConfig: topic_name_size=10, score_config_size=5, num_processors=0, pwt_name=pwt, nwt_name=nwt, num_document_passes=1, reuse_theta=yes, cache_theta=yes, opt_for_avx=yes, disk_cache_path= to void (__cdecl artm::core::MasterComponent::*)(class artm::MasterModelConfig const & __ptr64) __ptr64
I0421 17:36:11.976608 13336 instance.cc:401] MasterModelConfig.processors_count is automatically set to 12
I0421 17:36:11.976608 13336 perplexity.cc:27] Perplexity score calculator created: model_type=1, dictionary_name=dictionary
I0421 17:36:11.977607 13336 c_interface.cc:389] Pass MasterModelConfig: topic_name_size=10, score_config_size=5, num_processors=0, pwt_name=pwt, nwt_name=nwt, num_document_passes=1, reuse_theta=yes, cache_theta=yes, opt_for_avx=yes, disk_cache_path= to void (__cdecl artm::core::MasterComponent::*)(class artm::MasterModelConfig const & __ptr64) __ptr64
I0421 17:36:11.977607 13336 instance.cc:401] MasterModelConfig.processors_count is automatically set to 12
I0421 17:36:11.977607 13336 perplexity.cc:27] Perplexity score calculator created: model_type=1, dictionary_name=dictionary
I0421 17:36:13.427134 13336 c_interface.cc:375] Pass pwt to void (__cdecl artm::core::MasterComponent::*)(class std::basic_string<char,struct std::char_traits<char>,class std::allocator<char> > const & __ptr64) __ptr64
I0421 17:36:13.427134 13336 c_interface.cc:375] Pass nwt to void (__cdecl artm::core::MasterComponent::*)(class std::basic_string<char,struct std::char_traits<char>,class std::allocator<char> > const & __ptr64) __ptr64
I0421 17:36:13.427134 13336 c_interface.cc:389] Pass InitializeModelArgs: model_name=pwt, dictionary_name=dictionary, topic_name_size=10, seed=-1 to void (__cdecl artm::core::MasterComponent::*)(class artm::InitializeModelArgs const & __ptr64) __ptr64
I0421 17:36:13.525102 13336 master_component.cc:702] InitializeModel() created matrix pwt with 10 topics and 16099 tokens; 
I0421 17:36:13.525102 13336 c_interface.cc:389] Pass InitializeModelArgs: model_name=nwt, dictionary_name=dictionary, topic_name_size=10, seed=-1 to void (__cdecl artm::core::MasterComponent::*)(class artm::InitializeModelArgs const & __ptr64) __ptr64
I0421 17:36:13.639073 13336 master_component.cc:702] InitializeModel() created matrix nwt with 10 topics and 16099 tokens; 
I0421 17:36:13.639073 13336 c_interface.cc:231] ArtmCopyRequestedMessage is copying 296 bytes...
I0421 17:37:40.943706 13336 c_interface.cc:375] Pass 7957db6f-1831-46e9-836d-c91270039459 to void (__cdecl artm::core::MasterComponent::*)(class std::basic_string<char,struct std::char_traits<char>,class std::allocator<char> > const & __ptr64) __ptr64
I0421 17:37:40.943706 13336 c_interface.cc:339] Disposing MasterComponent (id=1)...
I0421 17:37:40.997682 13336 c_interface.cc:389] Pass FitOfflineMasterModelArgs, batch_filename_size=5, batch_weight_size=5, num_collection_passes=1, reset_nwt=yes to void (__cdecl artm::core::MasterComponent::*)(class artm::FitOfflineMasterModelArgs const & __ptr64) __ptr64
I0421 17:37:40.997682 13336 master_component.cc:1461] ProcessBatchesArgs: nwt_target_name=nwt, batch_filename_size=5, batch_size=0, batch_weight_size=5, pwt_source_name=pwt, num_document_passes=1, reuse_theta=yes, opt_for_avx=yes, predict_class_id=, reset_nwt=yes
I0421 17:37:41.001679 13336 master_component.cc:866] Batches count (=5) is smaller than num processors (=12), which may cause suboptimal performance.
I0421 17:37:41.003677 13984 processor.cc:81] Processing queue has data, processing started
I0421 17:37:41.004678 14052 processor.cc:81] Processing queue has data, processing started
I0421 17:37:41.004678 14152 processor.cc:81] Processing queue has data, processing started
I0421 17:37:41.006680 14320 processor.cc:81] Processing queue has data, processing started
I0421 17:37:41.006680 12908 processor.cc:81] Processing queue has data, processing started
I0421 17:37:41.018673 13984 processor.cc:158] Processor: start processing batch 8b157151-2574-449c-9ee1-c7f9ab1b2059 into model nwt
I0421 17:37:41.019672 14052 processor.cc:158] Processor: start processing batch c0a2c422-c96a-4fbb-8037-b2301b931de5 into model nwt
I0421 17:37:41.019672 14152 processor.cc:158] Processor: start processing batch ff349c26-a190-40eb-a828-3bf5988520be into model nwt
I0421 17:37:41.020674 12908 processor.cc:158] Processor: start processing batch 45ee9127-b2aa-420e-b071-f4a14d3b8f4e into model nwt
I0421 17:37:41.023674 14320 processor.cc:158] Processor: start processing batch 457838ff-40c7-4deb-ae71-a0a56b3f2fba into model nwt
I0421 17:37:41.083653 12908 processor.cc:285] Processor: complete processing batch 45ee9127-b2aa-420e-b071-f4a14d3b8f4e into model nwt
I0421 17:37:41.084651 12908 cuckoo_watch.h:45] 78ms in ProcessBatch(school_batches\aaaaad.batch) [including 13ms in LoadMessage; 0ms in FindReuseThetaCacheEntry; 0ms in InitializeTheta; 0ms in CreateRegularizerAgents; 1ms in InitializeSparseNdw; 14ms in InferThetaAndUpdateNwtSparse; 0ms in UpdateCacheEntry; 24ms in CalculateScore(PerplexityScore); 3ms in CalculateScore(SparsityThetaScore); 18ms in CalculateScore(^^^ItemsProcessedScore^^^); ]
I0421 17:37:41.087652 14320 processor.cc:285] Processor: complete processing batch 457838ff-40c7-4deb-ae71-a0a56b3f2fba into model nwt
I0421 17:37:41.087652 13984 processor.cc:285] Processor: complete processing batch 8b157151-2574-449c-9ee1-c7f9ab1b2059 into model nwt
I0421 17:37:41.088652 14052 processor.cc:285] Processor: complete processing batch c0a2c422-c96a-4fbb-8037-b2301b931de5 into model nwt
I0421 17:37:41.088652 14152 processor.cc:285] Processor: complete processing batch ff349c26-a190-40eb-a828-3bf5988520be into model nwt
I0421 17:37:41.089653 13984 cuckoo_watch.h:45] 86ms in ProcessBatch(school_batches\aaaaaa.batch) [including 15ms in LoadMessage; 0ms in FindReuseThetaCacheEntry; 0ms in InitializeTheta; 0ms in CreateRegularizerAgents; 2ms in InitializeSparseNdw; 15ms in InferThetaAndUpdateNwtSparse; 0ms in UpdateCacheEntry; 25ms in CalculateScore(PerplexityScore); 3ms in CalculateScore(SparsityThetaScore); 23ms in CalculateScore(^^^ItemsProcessedScore^^^); ]
I0421 17:37:41.089653 14320 cuckoo_watch.h:45] 83ms in ProcessBatch(school_batches\aaaaae.batch) [including 17ms in LoadMessage; 0ms in FindReuseThetaCacheEntry; 0ms in InitializeTheta; 0ms in CreateRegularizerAgents; 1ms in InitializeSparseNdw; 14ms in InferThetaAndUpdateNwtSparse; 0ms in UpdateCacheEntry; 21ms in CalculateScore(PerplexityScore); 3ms in CalculateScore(SparsityThetaScore); 22ms in CalculateScore(^^^ItemsProcessedScore^^^); ]
I0421 17:37:41.089653 14152 cuckoo_watch.h:45] 85ms in ProcessBatch(school_batches\aaaaab.batch) [including 15ms in LoadMessage; 0ms in FindReuseThetaCacheEntry; 0ms in InitializeTheta; 0ms in CreateRegularizerAgents; 1ms in InitializeSparseNdw; 14ms in InferThetaAndUpdateNwtSparse; 0ms in UpdateCacheEntry; 27ms in CalculateScore(PerplexityScore); 3ms in CalculateScore(SparsityThetaScore); 20ms in CalculateScore(^^^ItemsProcessedScore^^^); ]
I0421 17:37:41.089653 14052 cuckoo_watch.h:45] 85ms in ProcessBatch(school_batches\aaaaac.batch) [including 15ms in LoadMessage; 0ms in FindReuseThetaCacheEntry; 0ms in InitializeTheta; 0ms in CreateRegularizerAgents; 1ms in InitializeSparseNdw; 14ms in InferThetaAndUpdateNwtSparse; 0ms in UpdateCacheEntry; 27ms in CalculateScore(PerplexityScore); 3ms in CalculateScore(SparsityThetaScore); 21ms in CalculateScore(^^^ItemsProcessedScore^^^); ]
I0421 17:37:41.090651 13336 master_component.cc:1512] NormalizeModelArgs: pwt_target_name=pwt, nwt_source_name=nwt, rwt_source_name=
I0421 17:37:41.090651 13336 master_component.cc:1048] MasterComponent: start normalizing model nwt
I0421 17:37:41.096650 13336 master_component.cc:1087] MasterComponent: complete normalizing model nwt
I0421 17:37:41.117642 12908 processor.cc:74] No data in processing queue, waiting...
I0421 17:37:41.121640 13336 master_component.cc:1536] DisposeModel rwt
I0421 17:37:41.121640 13336 master_component.cc:1115] FitOffline: ItemsProcessed, num_items=476, num_batches=5, token_weight=160411, token_weight_in_effect=160411
I0421 17:37:41.121640 13336 c_interface.cc:389] Pass FitOfflineMasterModelArgs, batch_filename_size=5, batch_weight_size=5, num_collection_passes=1, reset_nwt=yes to void (__cdecl artm::core::MasterComponent::*)(class artm::FitOfflineMasterModelArgs const & __ptr64) __ptr64
I0421 17:37:41.121640 13336 master_component.cc:1461] ProcessBatchesArgs: nwt_target_name=nwt, batch_filename_size=5, batch_size=0, batch_weight_size=5, pwt_source_name=pwt, num_document_passes=1, reuse_theta=yes, opt_for_avx=yes, predict_class_id=, reset_nwt=yes
I0421 17:37:41.122640 14052 processor.cc:74] No data in processing queue, waiting...
I0421 17:37:41.122640 14152 processor.cc:74] No data in processing queue, waiting...
I0421 17:37:41.122640 14320 processor.cc:74] No data in processing queue, waiting...
I0421 17:37:41.122640 13984 processor.cc:74] No data in processing queue, waiting...
I0421 17:37:41.128638 13984 processor.cc:81] Processing queue has data, processing started
I0421 17:37:41.128638 14152 processor.cc:81] Processing queue has data, processing started
I0421 17:37:41.128638 14320 processor.cc:81] Processing queue has data, processing started
I0421 17:37:41.129638 14464 processor.cc:81] Processing queue has data, processing started
I0421 17:37:41.131636 14824 processor.cc:81] Processing queue has data, processing started
I0421 17:37:41.132637 13984 processor.cc:158] Processor: start processing batch c0a2c422-c96a-4fbb-8037-b2301b931de5 into model nwt
I0421 17:37:41.132637 14152 processor.cc:158] Processor: start processing batch 8b157151-2574-449c-9ee1-c7f9ab1b2059 into model nwt
I0421 17:37:41.133636 14320 processor.cc:158] Processor: start processing batch ff349c26-a190-40eb-a828-3bf5988520be into model nwt
I0421 17:37:41.133636 14464 processor.cc:158] Processor: start processing batch 45ee9127-b2aa-420e-b071-f4a14d3b8f4e into model nwt
I0421 17:37:41.137635 14824 processor.cc:158] Processor: start processing batch 457838ff-40c7-4deb-ae71-a0a56b3f2fba into model nwt
I0421 17:37:41.200613 14464 processor.cc:285] Processor: complete processing batch 45ee9127-b2aa-420e-b071-f4a14d3b8f4e into model nwt
I0421 17:37:41.200613 14152 processor.cc:285] Processor: complete processing batch 8b157151-2574-449c-9ee1-c7f9ab1b2059 into model nwt
I0421 17:37:41.202613 14152 cuckoo_watch.h:45] 74ms in ProcessBatch(school_batches\aaaaaa.batch) [including 4ms in LoadMessage; 0ms in FindReuseThetaCacheEntry; 0ms in InitializeTheta; 0ms in CreateRegularizerAgents; 1ms in InitializeSparseNdw; 14ms in InferThetaAndUpdateNwtSparse; 0ms in UpdateCacheEntry; 27ms in CalculateScore(PerplexityScore); 5ms in CalculateScore(SparsityThetaScore); 19ms in CalculateScore(^^^ItemsProcessedScore^^^); ]
I0421 17:37:41.203613 14464 cuckoo_watch.h:45] 73ms in ProcessBatch(school_batches\aaaaad.batch) [including 4ms in LoadMessage; 0ms in FindReuseThetaCacheEntry; 0ms in InitializeTheta; 0ms in CreateRegularizerAgents; 1ms in InitializeSparseNdw; 15ms in InferThetaAndUpdateNwtSparse; 0ms in UpdateCacheEntry; 25ms in CalculateScore(PerplexityScore); 4ms in CalculateScore(SparsityThetaScore); 19ms in CalculateScore(^^^ItemsProcessedScore^^^); ]
I0421 17:37:41.208613 14824 processor.cc:285] Processor: complete processing batch 457838ff-40c7-4deb-ae71-a0a56b3f2fba into model nwt
I0421 17:37:41.209611 13984 processor.cc:285] Processor: complete processing batch c0a2c422-c96a-4fbb-8037-b2301b931de5 into model nwt
I0421 17:37:41.210610 14824 cuckoo_watch.h:45] 79ms in ProcessBatch(school_batches\aaaaae.batch) [including 6ms in LoadMessage; 0ms in FindReuseThetaCacheEntry; 0ms in InitializeTheta; 0ms in CreateRegularizerAgents; 2ms in InitializeSparseNdw; 13ms in InferThetaAndUpdateNwtSparse; 0ms in UpdateCacheEntry; 25ms in CalculateScore(PerplexityScore); 5ms in CalculateScore(SparsityThetaScore); 24ms in CalculateScore(^^^ItemsProcessedScore^^^); ]
I0421 17:37:41.210610 13984 cuckoo_watch.h:45] 82ms in ProcessBatch(school_batches\aaaaac.batch) [including 4ms in LoadMessage; 0ms in FindReuseThetaCacheEntry; 0ms in InitializeTheta; 0ms in CreateRegularizerAgents; 1ms in InitializeSparseNdw; 19ms in InferThetaAndUpdateNwtSparse; 0ms in UpdateCacheEntry; 25ms in CalculateScore(PerplexityScore); 3ms in CalculateScore(SparsityThetaScore); 27ms in CalculateScore(^^^ItemsProcessedScore^^^); ]
I0421 17:37:41.211612 14320 processor.cc:285] Processor: complete processing batch ff349c26-a190-40eb-a828-3bf5988520be into model nwt
I0421 17:37:41.212612 14320 cuckoo_watch.h:45] 84ms in ProcessBatch(school_batches\aaaaab.batch) [including 5ms in LoadMessage; 0ms in FindReuseThetaCacheEntry; 0ms in InitializeTheta; 0ms in CreateRegularizerAgents; 2ms in InitializeSparseNdw; 18ms in InferThetaAndUpdateNwtSparse; 0ms in UpdateCacheEntry; 32ms in CalculateScore(PerplexityScore); 4ms in CalculateScore(SparsityThetaScore); 19ms in CalculateScore(^^^ItemsProcessedScore^^^); ]
I0421 17:37:41.213609 13336 master_component.cc:1512] NormalizeModelArgs: pwt_target_name=pwt, nwt_source_name=nwt, rwt_source_name=
I0421 17:37:41.213609 13336 master_component.cc:1048] MasterComponent: start normalizing model nwt
I0421 17:37:41.219609 13336 master_component.cc:1087] MasterComponent: complete normalizing model nwt
I0421 17:37:41.235605 14152 processor.cc:74] No data in processing queue, waiting...
I0421 17:37:41.235605 14464 processor.cc:74] No data in processing queue, waiting...
I0421 17:37:41.243602 13984 processor.cc:74] No data in processing queue, waiting...
I0421 17:37:41.243602 14824 processor.cc:74] No data in processing queue, waiting...
I0421 17:37:41.243602 13336 master_component.cc:1536] DisposeModel rwt
I0421 17:37:41.243602 13336 master_component.cc:1115] FitOffline: ItemsProcessed, num_items=476, num_batches=5, token_weight=160411, token_weight_in_effect=160411
I0421 17:37:41.243602 13336 c_interface.cc:389] Pass FitOfflineMasterModelArgs, batch_filename_size=5, batch_weight_size=5, num_collection_passes=1, reset_nwt=yes to void (__cdecl artm::core::MasterComponent::*)(class artm::FitOfflineMasterModelArgs const & __ptr64) __ptr64
I0421 17:37:41.244602 13336 master_component.cc:1461] ProcessBatchesArgs: nwt_target_name=nwt, batch_filename_size=5, batch_size=0, batch_weight_size=5, pwt_source_name=pwt, num_document_passes=1, reuse_theta=yes, opt_for_avx=yes, predict_class_id=, reset_nwt=yes
I0421 17:37:41.246600 14320 processor.cc:74] No data in processing queue, waiting...
I0421 17:37:41.250599 14320 processor.cc:81] Processing queue has data, processing started
I0421 17:37:41.250599 12300 processor.cc:81] Processing queue has data, processing started
I0421 17:37:41.250599 14464 processor.cc:81] Processing queue has data, processing started
I0421 17:37:41.252596 14824 processor.cc:81] Processing queue has data, processing started
I0421 17:37:41.252596 13984 processor.cc:81] Processing queue has data, processing started
I0421 17:37:41.254595 12300 processor.cc:158] Processor: start processing batch ff349c26-a190-40eb-a828-3bf5988520be into model nwt
I0421 17:37:41.254595 14320 processor.cc:158] Processor: start processing batch 8b157151-2574-449c-9ee1-c7f9ab1b2059 into model nwt
I0421 17:37:41.255599 14464 processor.cc:158] Processor: start processing batch c0a2c422-c96a-4fbb-8037-b2301b931de5 into model nwt
I0421 17:37:41.257597 13984 processor.cc:158] Processor: start processing batch 45ee9127-b2aa-420e-b071-f4a14d3b8f4e into model nwt
I0421 17:37:41.258597 14824 processor.cc:158] Processor: start processing batch 457838ff-40c7-4deb-ae71-a0a56b3f2fba into model nwt
I0421 17:37:41.319576 14824 processor.cc:285] Processor: complete processing batch 457838ff-40c7-4deb-ae71-a0a56b3f2fba into model nwt
I0421 17:37:41.320574 14824 cuckoo_watch.h:45] 68ms in ProcessBatch(school_batches\aaaaae.batch) [including 6ms in LoadMessage; 0ms in FindReuseThetaCacheEntry; 0ms in InitializeTheta; 0ms in CreateRegularizerAgents; 2ms in InitializeSparseNdw; 14ms in InferThetaAndUpdateNwtSparse; 0ms in UpdateCacheEntry; 21ms in CalculateScore(PerplexityScore); 3ms in CalculateScore(SparsityThetaScore); 18ms in CalculateScore(^^^ItemsProcessedScore^^^); ]
I0421 17:37:41.323575 12300 processor.cc:285] Processor: complete processing batch ff349c26-a190-40eb-a828-3bf5988520be into model nwt
I0421 17:37:41.325575 12300 cuckoo_watch.h:45] 75ms in ProcessBatch(school_batches\aaaaab.batch) [including 4ms in LoadMessage; 0ms in FindReuseThetaCacheEntry; 0ms in InitializeTheta; 0ms in CreateRegularizerAgents; 1ms in InitializeSparseNdw; 17ms in InferThetaAndUpdateNwtSparse; 0ms in UpdateCacheEntry; 25ms in CalculateScore(PerplexityScore); 3ms in CalculateScore(SparsityThetaScore); 20ms in CalculateScore(^^^ItemsProcessedScore^^^); ]
I0421 17:37:41.333572 14464 processor.cc:285] Processor: complete processing batch c0a2c422-c96a-4fbb-8037-b2301b931de5 into model nwt
I0421 17:37:41.335572 14464 cuckoo_watch.h:45] 85ms in ProcessBatch(school_batches\aaaaac.batch) [including 5ms in LoadMessage; 0ms in FindReuseThetaCacheEntry; 0ms in InitializeTheta; 0ms in CreateRegularizerAgents; 2ms in InitializeSparseNdw; 19ms in InferThetaAndUpdateNwtSparse; 0ms in UpdateCacheEntry; 31ms in CalculateScore(PerplexityScore); 6ms in CalculateScore(SparsityThetaScore); 18ms in CalculateScore(^^^ItemsProcessedScore^^^); ]
I0421 17:37:41.336571 14320 processor.cc:285] Processor: complete processing batch 8b157151-2574-449c-9ee1-c7f9ab1b2059 into model nwt
I0421 17:37:41.337571 14320 cuckoo_watch.h:45] 87ms in ProcessBatch(school_batches\aaaaaa.batch) [including 4ms in LoadMessage; 0ms in FindReuseThetaCacheEntry; 0ms in InitializeTheta; 0ms in CreateRegularizerAgents; 2ms in InitializeSparseNdw; 19ms in InferThetaAndUpdateNwtSparse; 0ms in UpdateCacheEntry; 35ms in CalculateScore(PerplexityScore); 5ms in CalculateScore(SparsityThetaScore); 18ms in CalculateScore(^^^ItemsProcessedScore^^^); ]
I0421 17:37:41.339570 13984 processor.cc:285] Processor: complete processing batch 45ee9127-b2aa-420e-b071-f4a14d3b8f4e into model nwt
I0421 17:37:41.340570 13984 cuckoo_watch.h:45] 87ms in ProcessBatch(school_batches\aaaaad.batch) [including 5ms in LoadMessage; 0ms in FindReuseThetaCacheEntry; 0ms in InitializeTheta; 0ms in CreateRegularizerAgents; 2ms in InitializeSparseNdw; 19ms in InferThetaAndUpdateNwtSparse; 0ms in UpdateCacheEntry; 35ms in CalculateScore(PerplexityScore); 5ms in CalculateScore(SparsityThetaScore); 18ms in CalculateScore(^^^ItemsProcessedScore^^^); ]
I0421 17:37:41.341573 13336 master_component.cc:1512] NormalizeModelArgs: pwt_target_name=pwt, nwt_source_name=nwt, rwt_source_name=
I0421 17:37:41.341573 13336 master_component.cc:1048] MasterComponent: start normalizing model nwt
I0421 17:37:41.347566 13336 master_component.cc:1087] MasterComponent: complete normalizing model nwt
I0421 17:37:41.351567 14824 processor.cc:74] No data in processing queue, waiting...
I0421 17:37:41.357563 12300 processor.cc:74] No data in processing queue, waiting...
I0421 17:37:41.364562 14464 processor.cc:74] No data in processing queue, waiting...
I0421 17:37:41.366561 14320 processor.cc:74] No data in processing queue, waiting...
I0421 17:37:41.370559 13984 processor.cc:74] No data in processing queue, waiting...
I0421 17:37:41.373558 13336 master_component.cc:1536] DisposeModel rwt
I0421 17:37:41.373558 13336 master_component.cc:1115] FitOffline: ItemsProcessed, num_items=476, num_batches=5, token_weight=160411, token_weight_in_effect=160411
I0421 17:37:41.374560 13336 c_interface.cc:389] Pass FitOfflineMasterModelArgs, batch_filename_size=5, batch_weight_size=5, num_collection_passes=1, reset_nwt=yes to void (__cdecl artm::core::MasterComponent::*)(class artm::FitOfflineMasterModelArgs const & __ptr64) __ptr64
I0421 17:37:41.374560 13336 master_component.cc:1461] ProcessBatchesArgs: nwt_target_name=nwt, batch_filename_size=5, batch_size=0, batch_weight_size=5, pwt_source_name=pwt, num_document_passes=1, reuse_theta=yes, opt_for_avx=yes, predict_class_id=, reset_nwt=yes
I0421 17:37:41.381554 14464 processor.cc:81] Processing queue has data, processing started
I0421 17:37:41.381554 13644 processor.cc:81] Processing queue has data, processing started
I0421 17:37:41.381554 12300 processor.cc:81] Processing queue has data, processing started
I0421 17:37:41.383553 15120 processor.cc:81] Processing queue has data, processing started
I0421 17:37:41.383553 14152 processor.cc:81] Processing queue has data, processing started
I0421 17:37:41.385555 14464 processor.cc:158] Processor: start processing batch ff349c26-a190-40eb-a828-3bf5988520be into model nwt
I0421 17:37:41.386554 12300 processor.cc:158] Processor: start processing batch c0a2c422-c96a-4fbb-8037-b2301b931de5 into model nwt
I0421 17:37:41.386554 13644 processor.cc:158] Processor: start processing batch 8b157151-2574-449c-9ee1-c7f9ab1b2059 into model nwt
I0421 17:37:41.388552 15120 processor.cc:158] Processor: start processing batch 45ee9127-b2aa-420e-b071-f4a14d3b8f4e into model nwt
I0421 17:37:41.389551 14152 processor.cc:158] Processor: start processing batch 457838ff-40c7-4deb-ae71-a0a56b3f2fba into model nwt
I0421 17:37:41.450532 15120 processor.cc:285] Processor: complete processing batch 45ee9127-b2aa-420e-b071-f4a14d3b8f4e into model nwt
I0421 17:37:41.451532 15120 cuckoo_watch.h:45] 68ms in ProcessBatch(school_batches\aaaaad.batch) [including 5ms in LoadMessage; 0ms in FindReuseThetaCacheEntry; 0ms in InitializeTheta; 0ms in CreateRegularizerAgents; 1ms in InitializeSparseNdw; 18ms in InferThetaAndUpdateNwtSparse; 0ms in UpdateCacheEntry; 22ms in CalculateScore(PerplexityScore); 4ms in CalculateScore(SparsityThetaScore); 15ms in CalculateScore(^^^ItemsProcessedScore^^^); ]
I0421 17:37:41.453531 14152 processor.cc:285] Processor: complete processing batch 457838ff-40c7-4deb-ae71-a0a56b3f2fba into model nwt
I0421 17:37:41.455531 13644 processor.cc:285] Processor: complete processing batch 8b157151-2574-449c-9ee1-c7f9ab1b2059 into model nwt
I0421 17:37:41.455531 14152 cuckoo_watch.h:45] 72ms in ProcessBatch(school_batches\aaaaae.batch) [including 6ms in LoadMessage; 0ms in FindReuseThetaCacheEntry; 0ms in InitializeTheta; 0ms in CreateRegularizerAgents; 2ms in InitializeSparseNdw; 17ms in InferThetaAndUpdateNwtSparse; 0ms in UpdateCacheEntry; 19ms in CalculateScore(PerplexityScore); 4ms in CalculateScore(SparsityThetaScore); 20ms in CalculateScore(^^^ItemsProcessedScore^^^); ]
I0421 17:37:41.456530 13644 cuckoo_watch.h:45] 74ms in ProcessBatch(school_batches\aaaaaa.batch) [including 5ms in LoadMessage; 0ms in FindReuseThetaCacheEntry; 0ms in InitializeTheta; 0ms in CreateRegularizerAgents; 2ms in InitializeSparseNdw; 18ms in InferThetaAndUpdateNwtSparse; 0ms in UpdateCacheEntry; 22ms in CalculateScore(PerplexityScore); 3ms in CalculateScore(SparsityThetaScore); 19ms in CalculateScore(^^^ItemsProcessedScore^^^); ]
I0421 17:37:41.459529 14464 processor.cc:285] Processor: complete processing batch ff349c26-a190-40eb-a828-3bf5988520be into model nwt
I0421 17:37:41.460528 14464 cuckoo_watch.h:45] 79ms in ProcessBatch(school_batches\aaaaab.batch) [including 4ms in LoadMessage; 0ms in FindReuseThetaCacheEntry; 0ms in InitializeTheta; 0ms in CreateRegularizerAgents; 2ms in InitializeSparseNdw; 20ms in InferThetaAndUpdateNwtSparse; 0ms in UpdateCacheEntry; 32ms in CalculateScore(PerplexityScore); 3ms in CalculateScore(SparsityThetaScore); 14ms in CalculateScore(^^^ItemsProcessedScore^^^); ]
I0421 17:37:41.462528 12300 processor.cc:285] Processor: complete processing batch c0a2c422-c96a-4fbb-8037-b2301b931de5 into model nwt
I0421 17:37:41.464529 12300 cuckoo_watch.h:45] 83ms in ProcessBatch(school_batches\aaaaac.batch) [including 5ms in LoadMessage; 0ms in FindReuseThetaCacheEntry; 0ms in InitializeTheta; 0ms in CreateRegularizerAgents; 2ms in InitializeSparseNdw; 20ms in InferThetaAndUpdateNwtSparse; 0ms in UpdateCacheEntry; 32ms in CalculateScore(PerplexityScore); 3ms in CalculateScore(SparsityThetaScore); 17ms in CalculateScore(^^^ItemsProcessedScore^^^); ]
I0421 17:37:41.465529 13336 master_component.cc:1512] NormalizeModelArgs: pwt_target_name=pwt, nwt_source_name=nwt, rwt_source_name=
I0421 17:37:41.465529 13336 master_component.cc:1048] MasterComponent: start normalizing model nwt
I0421 17:37:41.471525 13336 master_component.cc:1087] MasterComponent: complete normalizing model nwt
I0421 17:37:41.482522 15120 processor.cc:74] No data in processing queue, waiting...
I0421 17:37:41.485520 14152 processor.cc:74] No data in processing queue, waiting...
I0421 17:37:41.486521 13644 processor.cc:74] No data in processing queue, waiting...
I0421 17:37:41.490518 14464 processor.cc:74] No data in processing queue, waiting...
I0421 17:37:41.493517 12300 processor.cc:74] No data in processing queue, waiting...
I0421 17:37:41.493517 13336 master_component.cc:1536] DisposeModel rwt
I0421 17:37:41.493517 13336 master_component.cc:1115] FitOffline: ItemsProcessed, num_items=476, num_batches=5, token_weight=160411, token_weight_in_effect=160411
I0421 17:37:41.494518 13336 c_interface.cc:389] Pass FitOfflineMasterModelArgs, batch_filename_size=5, batch_weight_size=5, num_collection_passes=1, reset_nwt=yes to void (__cdecl artm::core::MasterComponent::*)(class artm::FitOfflineMasterModelArgs const & __ptr64) __ptr64
I0421 17:37:41.494518 13336 master_component.cc:1461] ProcessBatchesArgs: nwt_target_name=nwt, batch_filename_size=5, batch_size=0, batch_weight_size=5, pwt_source_name=pwt, num_document_passes=1, reuse_theta=yes, opt_for_avx=yes, predict_class_id=, reset_nwt=yes
I0421 17:37:41.500515 13644 processor.cc:81] Processing queue has data, processing started
I0421 17:37:41.500515 15084 processor.cc:81] Processing queue has data, processing started
I0421 17:37:41.501516 14152 processor.cc:81] Processing queue has data, processing started
I0421 17:37:41.501516 14052 processor.cc:81] Processing queue has data, processing started
I0421 17:37:41.503515 14320 processor.cc:81] Processing queue has data, processing started
I0421 17:37:41.506513 13644 processor.cc:158] Processor: start processing batch 8b157151-2574-449c-9ee1-c7f9ab1b2059 into model nwt
I0421 17:37:41.506513 15084 processor.cc:158] Processor: start processing batch ff349c26-a190-40eb-a828-3bf5988520be into model nwt
I0421 17:37:41.506513 14152 processor.cc:158] Processor: start processing batch c0a2c422-c96a-4fbb-8037-b2301b931de5 into model nwt
I0421 17:37:41.506513 14052 processor.cc:158] Processor: start processing batch 45ee9127-b2aa-420e-b071-f4a14d3b8f4e into model nwt
I0421 17:37:41.506513 14320 processor.cc:158] Processor: start processing batch 457838ff-40c7-4deb-ae71-a0a56b3f2fba into model nwt
I0421 17:37:41.562495 15084 processor.cc:285] Processor: complete processing batch ff349c26-a190-40eb-a828-3bf5988520be into model nwt
I0421 17:37:41.563495 15084 cuckoo_watch.h:45] 63ms in ProcessBatch(school_batches\aaaaab.batch) [including 6ms in LoadMessage; 0ms in FindReuseThetaCacheEntry; 0ms in InitializeTheta; 0ms in CreateRegularizerAgents; 2ms in InitializeSparseNdw; 13ms in InferThetaAndUpdateNwtSparse; 0ms in UpdateCacheEntry; 21ms in CalculateScore(PerplexityScore); 3ms in CalculateScore(SparsityThetaScore); 15ms in CalculateScore(^^^ItemsProcessedScore^^^); ]
I0421 17:37:41.572491 14320 processor.cc:285] Processor: complete processing batch 457838ff-40c7-4deb-ae71-a0a56b3f2fba into model nwt
I0421 17:37:41.574492 14152 processor.cc:285] Processor: complete processing batch c0a2c422-c96a-4fbb-8037-b2301b931de5 into model nwt
I0421 17:37:41.574492 14320 cuckoo_watch.h:45] 71ms in ProcessBatch(school_batches\aaaaae.batch) [including 3ms in LoadMessage; 0ms in FindReuseThetaCacheEntry; 0ms in InitializeTheta; 0ms in CreateRegularizerAgents; 1ms in InitializeSparseNdw; 15ms in InferThetaAndUpdateNwtSparse; 0ms in UpdateCacheEntry; 25ms in CalculateScore(PerplexityScore); 2ms in CalculateScore(SparsityThetaScore); 20ms in CalculateScore(^^^ItemsProcessedScore^^^); ]
I0421 17:37:41.575491 14152 cuckoo_watch.h:45] 74ms in ProcessBatch(school_batches\aaaaac.batch) [including 5ms in LoadMessage; 0ms in FindReuseThetaCacheEntry; 0ms in InitializeTheta; 0ms in CreateRegularizerAgents; 2ms in InitializeSparseNdw; 17ms in InferThetaAndUpdateNwtSparse; 0ms in UpdateCacheEntry; 26ms in CalculateScore(PerplexityScore); 3ms in CalculateScore(SparsityThetaScore); 17ms in CalculateScore(^^^ItemsProcessedScore^^^); ]
I0421 17:37:41.577491 14052 processor.cc:285] Processor: complete processing batch 45ee9127-b2aa-420e-b071-f4a14d3b8f4e into model nwt
I0421 17:37:41.578490 14052 cuckoo_watch.h:45] 77ms in ProcessBatch(school_batches\aaaaad.batch) [including 5ms in LoadMessage; 0ms in FindReuseThetaCacheEntry; 0ms in InitializeTheta; 0ms in CreateRegularizerAgents; 2ms in InitializeSparseNdw; 17ms in InferThetaAndUpdateNwtSparse; 0ms in UpdateCacheEntry; 29ms in CalculateScore(PerplexityScore); 4ms in CalculateScore(SparsityThetaScore); 17ms in CalculateScore(^^^ItemsProcessedScore^^^); ]
I0421 17:37:41.581490 13644 processor.cc:285] Processor: complete processing batch 8b157151-2574-449c-9ee1-c7f9ab1b2059 into model nwt
I0421 17:37:41.581490 13644 cuckoo_watch.h:45] 81ms in ProcessBatch(school_batches\aaaaaa.batch) [including 5ms in LoadMessage; 0ms in FindReuseThetaCacheEntry; 0ms in InitializeTheta; 0ms in CreateRegularizerAgents; 2ms in InitializeSparseNdw; 14ms in InferThetaAndUpdateNwtSparse; 0ms in UpdateCacheEntry; 30ms in CalculateScore(PerplexityScore); 5ms in CalculateScore(SparsityThetaScore); 21ms in CalculateScore(^^^ItemsProcessedScore^^^); ]
I0421 17:37:41.582499 13336 master_component.cc:1512] NormalizeModelArgs: pwt_target_name=pwt, nwt_source_name=nwt, rwt_source_name=
I0421 17:37:41.582499 13336 master_component.cc:1048] MasterComponent: start normalizing model nwt
I0421 17:37:41.591485 15084 processor.cc:74] No data in processing queue, waiting...
I0421 17:37:41.592486 13336 master_component.cc:1087] MasterComponent: complete normalizing model nwt
I0421 17:37:41.603484 14320 processor.cc:74] No data in processing queue, waiting...
I0421 17:37:41.605481 14152 processor.cc:74] No data in processing queue, waiting...
I0421 17:37:41.606482 14052 processor.cc:74] No data in processing queue, waiting...
I0421 17:37:41.609480 13644 processor.cc:74] No data in processing queue, waiting...
I0421 17:37:41.616478 13336 master_component.cc:1536] DisposeModel rwt
I0421 17:37:41.616478 13336 master_component.cc:1115] FitOffline: ItemsProcessed, num_items=476, num_batches=5, token_weight=160411, token_weight_in_effect=160411
I0421 17:37:41.616478 13336 c_interface.cc:389] Pass FitOfflineMasterModelArgs, batch_filename_size=5, batch_weight_size=5, num_collection_passes=1, reset_nwt=yes to void (__cdecl artm::core::MasterComponent::*)(class artm::FitOfflineMasterModelArgs const & __ptr64) __ptr64
I0421 17:37:41.616478 13336 master_component.cc:1461] ProcessBatchesArgs: nwt_target_name=nwt, batch_filename_size=5, batch_size=0, batch_weight_size=5, pwt_source_name=pwt, num_document_passes=1, reuse_theta=yes, opt_for_avx=yes, predict_class_id=, reset_nwt=yes
I0421 17:37:41.622475 14824 processor.cc:81] Processing queue has data, processing started
I0421 17:37:41.622475 14044 processor.cc:81] Processing queue has data, processing started
I0421 17:37:41.623476 14464 processor.cc:81] Processing queue has data, processing started
I0421 17:37:41.624476 15120 processor.cc:81] Processing queue has data, processing started
I0421 17:37:41.625478 14152 processor.cc:81] Processing queue has data, processing started
I0421 17:37:41.627475 14824 processor.cc:158] Processor: start processing batch 8b157151-2574-449c-9ee1-c7f9ab1b2059 into model nwt
I0421 17:37:41.627475 14464 processor.cc:158] Processor: start processing batch c0a2c422-c96a-4fbb-8037-b2301b931de5 into model nwt
I0421 17:37:41.627475 14044 processor.cc:158] Processor: start processing batch ff349c26-a190-40eb-a828-3bf5988520be into model nwt
I0421 17:37:41.628474 15120 processor.cc:158] Processor: start processing batch 45ee9127-b2aa-420e-b071-f4a14d3b8f4e into model nwt
I0421 17:37:41.630473 14152 processor.cc:158] Processor: start processing batch 457838ff-40c7-4deb-ae71-a0a56b3f2fba into model nwt
I0421 17:37:41.680457 14044 processor.cc:285] Processor: complete processing batch ff349c26-a190-40eb-a828-3bf5988520be into model nwt
I0421 17:37:41.681457 14044 cuckoo_watch.h:45] 59ms in ProcessBatch(school_batches\aaaaab.batch) [including 5ms in LoadMessage; 0ms in FindReuseThetaCacheEntry; 0ms in InitializeTheta; 0ms in CreateRegularizerAgents; 1ms in InitializeSparseNdw; 12ms in InferThetaAndUpdateNwtSparse; 0ms in UpdateCacheEntry; 19ms in CalculateScore(PerplexityScore); 3ms in CalculateScore(SparsityThetaScore); 15ms in CalculateScore(^^^ItemsProcessedScore^^^); ]
I0421 17:37:41.691453 14152 processor.cc:285] Processor: complete processing batch 457838ff-40c7-4deb-ae71-a0a56b3f2fba into model nwt
I0421 17:37:41.691453 14152 cuckoo_watch.h:45] 66ms in ProcessBatch(school_batches\aaaaae.batch) [including 5ms in LoadMessage; 0ms in FindReuseThetaCacheEntry; 0ms in InitializeTheta; 0ms in CreateRegularizerAgents; 2ms in InitializeSparseNdw; 15ms in InferThetaAndUpdateNwtSparse; 0ms in UpdateCacheEntry; 22ms in CalculateScore(PerplexityScore); 5ms in CalculateScore(SparsityThetaScore); 15ms in CalculateScore(^^^ItemsProcessedScore^^^); ]
I0421 17:37:41.693454 15120 processor.cc:285] Processor: complete processing batch 45ee9127-b2aa-420e-b071-f4a14d3b8f4e into model nwt
I0421 17:37:41.695452 15120 cuckoo_watch.h:45] 71ms in ProcessBatch(school_batches\aaaaad.batch) [including 4ms in LoadMessage; 0ms in FindReuseThetaCacheEntry; 0ms in InitializeTheta; 0ms in CreateRegularizerAgents; 1ms in InitializeSparseNdw; 12ms in InferThetaAndUpdateNwtSparse; 0ms in UpdateCacheEntry; 24ms in CalculateScore(PerplexityScore); 5ms in CalculateScore(SparsityThetaScore); 20ms in CalculateScore(^^^ItemsProcessedScore^^^); ]
I0421 17:37:41.698451 14464 processor.cc:285] Processor: complete processing batch c0a2c422-c96a-4fbb-8037-b2301b931de5 into model nwt
I0421 17:37:41.699451 14464 cuckoo_watch.h:45] 76ms in ProcessBatch(school_batches\aaaaac.batch) [including 4ms in LoadMessage; 0ms in FindReuseThetaCacheEntry; 0ms in InitializeTheta; 0ms in CreateRegularizerAgents; 1ms in InitializeSparseNdw; 12ms in InferThetaAndUpdateNwtSparse; 0ms in UpdateCacheEntry; 32ms in CalculateScore(PerplexityScore); 5ms in CalculateScore(SparsityThetaScore); 18ms in CalculateScore(^^^ItemsProcessedScore^^^); ]
I0421 17:37:41.702450 14824 processor.cc:285] Processor: complete processing batch 8b157151-2574-449c-9ee1-c7f9ab1b2059 into model nwt
I0421 17:37:41.704449 14824 cuckoo_watch.h:45] 82ms in ProcessBatch(school_batches\aaaaaa.batch) [including 5ms in LoadMessage; 0ms in FindReuseThetaCacheEntry; 0ms in InitializeTheta; 0ms in CreateRegularizerAgents; 2ms in InitializeSparseNdw; 15ms in InferThetaAndUpdateNwtSparse; 0ms in UpdateCacheEntry; 32ms in CalculateScore(PerplexityScore); 5ms in CalculateScore(SparsityThetaScore); 19ms in CalculateScore(^^^ItemsProcessedScore^^^); ]
I0421 17:37:41.705451 13336 master_component.cc:1512] NormalizeModelArgs: pwt_target_name=pwt, nwt_source_name=nwt, rwt_source_name=
I0421 17:37:41.705451 13336 master_component.cc:1048] MasterComponent: start normalizing model nwt
I0421 17:37:41.711447 13336 master_component.cc:1087] MasterComponent: complete normalizing model nwt
I0421 17:37:41.712446 14044 processor.cc:74] No data in processing queue, waiting...
I0421 17:37:41.722442 14152 processor.cc:74] No data in processing queue, waiting...
I0421 17:37:41.724443 15120 processor.cc:74] No data in processing queue, waiting...
I0421 17:37:41.727442 14464 processor.cc:74] No data in processing queue, waiting...
I0421 17:37:41.732440 14824 processor.cc:74] No data in processing queue, waiting...
I0421 17:37:41.733440 13336 master_component.cc:1536] DisposeModel rwt
I0421 17:37:41.733440 13336 master_component.cc:1115] FitOffline: ItemsProcessed, num_items=476, num_batches=5, token_weight=160411, token_weight_in_effect=160411
I0421 17:37:41.733440 13336 c_interface.cc:389] Pass FitOfflineMasterModelArgs, batch_filename_size=5, batch_weight_size=5, num_collection_passes=1, reset_nwt=yes to void (__cdecl artm::core::MasterComponent::*)(class artm::FitOfflineMasterModelArgs const & __ptr64) __ptr64
I0421 17:37:41.734441 13336 master_component.cc:1461] ProcessBatchesArgs: nwt_target_name=nwt, batch_filename_size=5, batch_size=0, batch_weight_size=5, pwt_source_name=pwt, num_document_passes=1, reuse_theta=yes, opt_for_avx=yes, predict_class_id=, reset_nwt=yes
